// Jest Snapshot v1, https://goo.gl/fbAQLP

exports[`Test MyComponent should render correctly 1`] = `
<div>
  <h1>
    Compteur
  </h1>
  <h2>
    Valueur du compteur : 
    0
  </h2>
  <button
    id="increment"
    onClick={[Function]}
  >
    + 1
  </button>
  <button
    id="decrement"
    onClick={[Function]}
  >
    -1
  </button>
</div>
`;
